CSV,A,0.008,-12.2139,0.0508,0
CSV,A,10.080,-12.5381,0.0508,0
CSV,A,20.160,-12.8900,0.0508,0
CSV,A,30.234,-12.9831,0.0508,0
CSV,A,40.301,-13.0288,0.0508,0
CSV,A,50.367,-13.1614,0.0508,0
CSV,A,60.444,-13.0383,0.0508,0
CSV,A,70.517,-13.2611,0.0508,0
CSV,A,80.590,-13.2207,0.0508,0
CSV,A,90.667,-13.0307,0.0508,0
CSV,A,100.742,-13.1310,0.0508,0
CSV,A,110.804,-13.1563,0.0508,0
CSV,A,120.864,-13.1654,0.0508,0
CSV,A,130.932,-13.0168,0.0508,0
CSV,A,140.998,-12.9860,0.0508,0
CSV,A,151.078,-12.9618,0.0508,0
CSV,A,161.154,-13.2892,0.0508,0
CSV,A,171.231,-12.9389,0.0508,0
CSV,A,181.307,-13.0614,0.0508,0
CSV,A,191.377,-13.0631,0.0508,0
CSV,A,201.443,-12.9740,0.0508,0
CSV,A,211.516,-13.2427,0.0508,0
CSV,A,221.585,-13.0763,0.0508,0
CSV,A,231.652,-13.1315,0.0508,0
CSV,A,241.725,-13.1442,0.0508,0
CSV,A,251.784,-13.1466,0.0508,0
CSV,A,261.849,-13.0147,0.0508,0
CSV,A,271.919,-12.9906,0.0508,0
CSV,A,281.984,-13.1596,0.0508,0
CSV,A,292.053,-13.1400,0.0508,0
CSV,A,302.123,-13.0964,0.0508,0
CSV,A,312.198,-12.9786,0.0508,0
CSV,A,322.269,-13.1685,0.0508,0
CSV,A,332.350,-13.0050,0.0508,0
CSV,A,342.410,-13.0089,0.0508,0
CSV,A,352.487,-13.1785,0.0508,0
CSV,A,362.563,-13.2166,0.0508,0
CSV,A,372.636,-13.1537,0.0508,0
CSV,A,382.710,-13.0420,0.0508,0
CSV,A,392.775,-13.0569,0.0508,0
CSV,A,402.840,-13.0867,0.0508,0
CSV,A,412.903,-13.0419,0.0508,0
CSV,A,422.971,-12.9043,0.0508,0
CSV,A,433.037,-13.1200,0.0508,0
CSV,A,443.112,-13.0896,0.0508,0
CSV,A,453.187,-12.9082,0.0508,0
CSV,A,463.268,-13.2240,0.0508,0
CSV,A,473.329,-13.1794,0.0508,0
CSV,A,483.401,-13.0087,0.0508,0
CSV,A,493.463,-13.0615,0.0508,0
CSV,A,503.531,-13.0226,0.0508,0
CSV,A,513.607,-13.1525,0.0508,0
CSV,A,523.678,-13.0654,0.0508,0
CSV,A,533.748,-12.9303,0.0508,0
CSV,A,543.830,-12.8758,0.0508,0
CSV,A,553.907,-13.1169,0.0508,0
CSV,A,563.976,-13.2273,0.0508,0
CSV,A,574.051,-12.9029,0.0508,0
CSV,A,584.120,-12.9089,0.0508,0
CSV,A,594.198,-13.2277,0.0508,0
CSV,A,604.269,-13.0828,0.0508,0
CSV,A,614.329,-13.0853,0.0508,0
CSV,A,624.400,-12.9106,0.0508,0
CSV,A,634.467,-13.0424,0.0508,0
CSV,A,644.526,-13.0883,0.0508,0
CSV,A,654.601,-12.9156,0.0508,0
CSV,A,664.673,-13.1397,0.0508,0
CSV,A,674.739,-13.0229,0.0508,0
CSV,A,684.801,-13.0287,0.0508,0
CSV,A,694.875,-13.1529,0.0508,0
CSV,A,704.936,-13.1544,0.0508,0
CSV,A,715.008,-12.9555,0.0508,0
CSV,A,725.083,-13.0677,0.0508,0
CSV,A,735.154,-13.2252,0.0508,0
CSV,A,745.222,-13.1411,0.0508,0
CSV,A,755.286,-13.2640,0.0508,0
CSV,A,765.362,-12.9727,0.0508,0
CSV,A,775.434,-13.1364,0.0508,0
CSV,A,785.503,-13.1399,0.0508,0
CSV,A,795.568,-13.0273,0.0508,0
CSV,A,805.632,-13.1248,0.0508,0
CSV,A,815.705,-13.1768,0.0508,0
CSV,A,825.780,-13.0149,0.0508,0
CSV,A,835.851,-12.9548,0.0508,0
CSV,A,845.932,-13.0064,0.0508,0
CSV,A,855.998,-12.9571,0.0508,0
CSV,A,866.071,-13.1744,0.0508,0
CSV,A,876.141,-13.0296,0.0508,0
CSV,A,886.228,-13.1965,0.0508,0
CSV,A,896.301,-13.0132,0.0508,0
CSV,A,906.367,-13.1807,0.0508,0
CSV,A,916.442,-13.2102,0.0508,0
CSV,A,926.504,-13.1596,0.0508,0
CSV,A,936.577,-13.2020,0.0508,0
CSV,A,946.653,-13.3199,0.0508,0
CSV,A,956.730,-12.9612,0.0508,0
CSV,A,966.803,-12.9677,0.0508,0
CSV,A,976.883,-13.2161,0.0508,0
CSV,A,986.957,-13.0572,0.0508,0
CSV,A,997.018,-13.0977,0.0508,0
CSV,A,1007.086,-13.0919,0.0508,0
CSV,A,1017.148,-13.0918,0.0508,0
CSV,A,1027.210,-13.0712,0.0508,0
CSV,A,1037.277,-13.1412,0.0508,0
CSV,A,1047.351,-12.9834,0.0508,0
CSV,A,1057.415,-13.0474,0.0508,0
CSV,A,1067.494,-13.0801,0.0508,0
CSV,A,1077.565,-13.0688,0.0508,0
CSV,A,1087.628,-13.1333,0.0508,0
CSV,A,1097.690,-13.0711,0.0508,0
CSV,A,1107.759,-12.8923,0.0508,0
CSV,A,1117.820,-12.9412,0.0508,0
CSV,A,1127.883,-13.0874,0.0508,0
CSV,A,1137.967,-13.3046,0.0508,0
CSV,A,1148.043,-13.1209,0.0508,0
CSV,A,1158.112,-12.9252,0.0508,0
CSV,A,1168.183,-12.9335,0.0508,0
CSV,A,1178.257,-13.0512,0.0508,0
CSV,A,1188.332,-13.0767,0.0508,0
CSV,A,1198.405,-13.1058,0.0508,0
CSV,A,1208.482,-13.0796,0.0508,0
CSV,A,1218.549,-13.0401,0.0508,0
CSV,A,1228.625,-13.2743,0.0508,0
CSV,A,1238.701,-13.0480,0.0508,0
CSV,A,1248.758,-12.9992,0.0508,0
CSV,A,1258.818,-13.0957,0.0508,0
CSV,A,1268.892,-13.0581,0.0508,0
CSV,A,1278.963,-13.1255,0.0508,0
CSV,A,1289.022,-13.0463,0.0508,0
CSV,A,1299.088,-13.1351,0.0508,0
CSV,A,1309.151,-12.9980,0.0508,0
CSV,A,1319.228,-13.1154,0.0508,0
CSV,A,1329.300,-13.0584,0.0508,0
CSV,A,1339.370,-12.8898,0.0508,0
CSV,A,1349.445,-12.9196,0.0508,0
CSV,A,1359.521,-12.9547,0.0508,0
CSV,A,1369.587,-13.0437,0.0508,0
CSV,A,1379.659,-13.1526,0.0508,0
CSV,A,1389.737,-13.0432,0.0508,0
CSV,A,1399.816,-12.9932,0.0508,0
CSV,A,1409.884,-13.1673,0.0508,0
CSV,A,1419.953,-13.0716,0.0508,0
CSV,A,1430.027,-13.3255,0.0508,0
CSV,A,1440.104,-13.2185,0.0508,0
CSV,A,1450.182,-12.9304,0.0508,0
CSV,A,1460.249,-13.0592,0.0508,0
CSV,A,1470.314,-13.0382,0.0508,0
CSV,A,1480.387,-13.1677,0.0508,0
CSV,A,1490.460,-13.2449,0.0508,0
CSV,A,1500.527,-13.1230,0.0508,0
CSV,A,1510.597,-13.1291,0.0508,0
CSV,A,1520.658,-13.0658,0.0508,0
CSV,A,1530.729,-12.9560,0.0508,0
CSV,A,1540.802,-13.2139,0.0508,0
CSV,A,1550.879,-12.8755,0.0508,0
CSV,A,1560.959,-13.0683,0.0508,0
CSV,A,1571.025,-13.1599,0.0508,0
CSV,A,1581.090,-12.9749,0.0508,0
CSV,A,1591.158,-13.0367,0.0508,0
CSV,A,1601.239,-12.9931,0.0508,0
CSV,A,1611.309,-12.9926,0.0508,0
CSV,A,1621.375,-13.1395,0.0508,0
CSV,A,1631.451,-13.1128,0.0508,0
CSV,A,1641.516,-13.0306,0.0508,0
CSV,A,1651.586,-12.8946,0.0508,0
CSV,A,1661.666,-13.2262,0.0508,0
CSV,A,1671.741,-13.0694,0.0508,0
CSV,A,1681.816,-13.2074,0.0508,0
CSV,A,1691.884,-13.1106,0.0508,0
CSV,A,1701.963,-13.1592,0.0508,0
CSV,A,1712.022,-12.9867,0.0508,0
CSV,A,1722.098,-12.9365,0.0508,0
CSV,A,1732.157,-13.0009,0.0508,0
CSV,A,1742.231,-13.0007,0.0508,0
CSV,A,1752.302,-13.0765,0.0508,0
CSV,A,1762.372,-13.0703,0.0508,0
CSV,A,1772.445,-13.2892,0.0508,0
CSV,A,1782.522,-13.1377,0.0508,0
CSV,A,1792.602,-13.1953,0.0508,0
CSV,A,1802.675,-13.0715,0.0508,0
CSV,A,1812.744,-13.1741,0.0508,0
CSV,A,1822.812,-13.1288,0.0508,0
CSV,A,1832.884,-13.1022,0.0508,0
CSV,A,1842.972,-12.9166,0.0508,0
CSV,A,1853.049,-13.0107,0.0508,0
CSV,A,1863.120,-13.1760,0.0508,0
CSV,A,1873.191,-12.9616,0.0508,0
CSV,A,1883.256,-13.0311,0.0508,0
CSV,A,1893.332,-13.0985,0.0508,0
CSV,A,1903.399,-12.9883,0.0508,0
CSV,A,1913.471,-12.8379,0.0508,0
CSV,A,1923.535,-13.0933,0.0508,0
CSV,A,1933.614,-13.4025,0.0508,0
CSV,A,1943.690,-13.0868,0.0508,0
CSV,A,1953.759,-12.9307,0.0508,0
CSV,A,1963.835,-13.2943,0.0508,0
CSV,A,1973.912,-13.0966,0.0508,0
CSV,A,1983.985,-13.1256,0.0508,0
CSV,A,1994.051,-13.0869,0.0508,0
CSV,A,2004.114,-13.0754,0.0508,0
CSV,A,2014.194,-13.0109,0.0508,0
CSV,A,2024.269,-12.9150,0.0508,0
CSV,A,2034.345,-13.1959,0.0508,0
CSV,A,2044.418,-13.0258,0.0508,0
CSV,A,2054.492,-13.1413,0.0508,0
CSV,A,2064.567,-13.3475,0.0508,0
CSV,A,2074.641,-13.1206,0.0508,0
CSV,A,2084.716,-13.1057,0.0508,0
CSV,A,2094.786,-13.2001,0.0508,0
CSV,A,2104.858,-13.0690,0.0508,0
CSV,A,2114.942,-12.9129,0.0508,0
CSV,A,2125.018,-13.1164,0.0508,0
CSV,A,2135.096,-13.0591,0.0508,0
CSV,A,2145.160,-13.0372,0.0508,0
CSV,A,2155.242,-12.8450,0.0508,0
CSV,A,2165.315,-13.2127,0.0508,0
CSV,A,2175.399,-13.1386,0.0508,0
CSV,A,2185.477,-13.2210,0.0508,0
CSV,A,2195.541,-13.0125,0.0508,0
CSV,A,2205.600,-12.9841,0.0508,0
CSV,A,2215.676,-13.2211,0.0508,0
CSV,A,2225.745,-13.1298,0.0508,0
CSV,A,2235.818,-12.9632,0.0508,0
CSV,A,2245.880,-12.9776,0.0508,0
CSV,A,2255.953,-13.0436,0.0508,0
CSV,A,2266.017,-12.9770,0.0508,0
CSV,A,2276.089,-13.0738,0.0508,0
CSV,A,2286.166,-13.1479,0.0508,0
CSV,A,2296.240,-13.0531,0.0508,0
CSV,A,2306.317,-13.1664,0.0508,0
CSV,A,2316.398,-12.9318,0.0508,0
CSV,A,2326.475,-13.2131,0.0508,0
CSV,A,2336.543,-13.2207,0.0508,0
CSV,A,2346.615,-13.0443,0.0508,0
CSV,A,2356.682,-13.1569,0.0508,0
CSV,A,2366.748,-13.0120,0.0508,0
CSV,A,2376.811,-12.9733,0.0508,0
CSV,A,2386.885,-12.9823,0.0508,0
CSV,A,2396.953,-13.0740,0.0508,0
CSV,A,2407.018,-13.1315,0.0508,0
CSV,A,2417.088,-13.1337,0.0508,0
CSV,A,2427.162,-13.1865,0.0508,0
CSV,A,2437.238,-13.1332,0.0508,0
CSV,A,2447.309,-13.2498,0.0508,0
CSV,A,2457.380,-13.0811,0.0508,0
CSV,A,2467.448,-13.0193,0.
CSV,A,2477.527,-13.2140,0.0508,0
CSV,A,2487.599,-13.1213,0.0508,0
CSV,A,2497.661,-13.0682,0.0508,0
CSV,A,2507.735,-12.9651,0.0508,0
CSV,A,2517.817,-13.2829,0.0508,0
CSV,A,2527.886,-13.0806,0.0508,0
CSV,A,2537.960,-13.0880,0.0508,0
CSV,A,2548.026,-13.0695,0.0508,0
CSV,A,2558.101,-13.3111,0.0508,0
CSV,A,2568.174,-13.0981,0.0508,0
CSV,A,2578.251,-13.1482,0.0508,0
CSV,A,2588.320,-13.0751,0.0508,0
CSV,A,2598.390,-12.9264,0.0508,0
CSV,A,2608.466,-13.1943,0.0508,0
CSV,A,2618.530,-13.1051,0.0508,0
CSV,A,2628.603,-12.9836,0.0508,0
CSV,A,2638.674,-13.0096,0.0508,0
CSV,A,2648.747,-13.1500,0.0508,0
CSV,A,2658.825,-13.0277,0.0508,0
CSV,A,2668.894,-13.0127,0.0508,0
CSV,A,2678.975,-13.1432,0.0508,0
CSV,A,2689.052,-13.1987,0.0508,0
CSV,A,2699.124,-13.0929,0.0508,0
CSV,A,2709.202,-13.2505,0.0508,0
CSV,A,2719.279,-13.1664,0.0508,0
CSV,A,2729.365,-13.2662,0.0508,0
CSV,A,2739.441,-13.1071,0.0508,0
CSV,A,2749.509,-12.9149,0.0508,0
CSV,A,2759.581,-12.9685,0.0508,0
CSV,A,2769.654,-13.2622,0.0508,0
CSV,A,2779.730,-13.0923,0.0508,0
CSV,A,2789.795,-13.1171,0.0508,0
CSV,A,2799.869,-13.0609,0.0508,0
CSV,A,2809.944,-13.1478,0.0508,0
CSV,A,2820.010,-12.9892,0.0508,0
CSV,A,2830.071,-13.0444,0.0508,0
CSV,A,2840.139,-13.0108,0.0508,0
CSV,A,2850.217,-12.9527,0.0508,0
CSV,A,2860.289,-13.0806,0.0508,0
CSV,A,2870.354,-13.2011,0.0508,0
CSV,A,2880.429,-12.9251,0.0508,0
CSV,A,2890.501,-12.9271,0.0508,0
CSV,A,2900.576,-12.8601,0.0508,0
CSV,A,2910.657,-13.1512,0.0508,0
CSV,A,2920.728,-12.9407,0.0508,0
CSV,A,2930.804,-13.2823,0.0508,0
CSV,A,2940.879,-13.2194,0.0508,0
CSV,A,2950.958,-12.9798,0.0508,0
CSV,A,2961.032,-12.9088,0.0508,0
CSV,A,2971.106,-13.0566,0.0508,0
CSV,A,2981.185,-13.3554,0.0508,0
CSV,A,2991.259,-13.1896,0.0508,0
CSV,A,3001.336,-12.9656,0.0508,0
CSV,A,3011.418,-13.0619,0.0508,0
CSV,A,3021.491,-13.0737,0.0508,0
CSV,A,3031.566,-13.2854,0.0508,0
CSV,A,3041.627,-13.2670,0.0508,0
CSV,A,3051.698,-13.0872,0.0508,0
CSV,A,3061.766,-12.9481,0.0508,0
CSV,A,3071.843,-13.2611,0.0508,0
CSV,A,3081.919,-12.9307,0.0508,0
CSV,A,3091.992,-12.8813,0.0508,0
CSV,A,3102.067,-12.9929,0.0508,0
CSV,A,3112.132,-13.0401,0.0508,0
CSV,A,3122.209,-13.0968,0.0508,0
CSV,A,3132.273,-13.0697,0.0508,0
CSV,A,3142.339,-12.9315,0.0508,0
CSV,A,3152.404,-13.1046,0.0508,0
CSV,A,3162.471,-13.1039,0.0508,0
CSV,A,3172.544,-13.0880,0.0508,0
CSV,A,3182.620,-13.2251,0.0508,0
CSV,A,3192.696,-13.0199,0.0508,0
CSV,A,3202.776,-13.2013,0.0508,0
CSV,A,3212.852,-13.0930,0.0508,0
CSV,A,3222.927,-12.9623,0.0508,0
CSV,A,3232.998,-13.0608,0.0508,0
CSV,A,3243.070,-12.9208,0.0508,0
CSV,A,3253.140,-13.0754,0.0508,0
CSV,A,3263.208,-12.9792,0.0508,0
CSV,A,3273.281,-13.1699,0.0508,0
CSV,A,3283.350,-13.0630,0.0508,0
CSV,A,3293.426,-13.1401,0.0508,0
CSV,A,3303.497,-13.2632,0.0508,0
CSV,A,3313.568,-13.1026,0.0508,0
CSV,A,3323.637,-13.0704,0.0508,0
CSV,A,3333.714,-13.2103,0.0508,0
CSV,A,3343.775,-13.2246,0.0508,0
CSV,A,3353.849,-13.0859,0.0508,0
CSV,A,3363.930,-13.0826,0.0508,0
CSV,A,3374.006,-13.0608,0.0508,0
CSV,A,3384.080,-12.9668,0.0508,0
CSV,A,3394.157,-12.9760,0.0508,0
CSV,A,3404.234,-13.1552,0.0508,0
CSV,A,3414.308,-13.2003,0.0508,0
CSV,A,3424.390,-12.8427,0.0508,0
CSV,A,3434.468,-12.8978,0.0508,0
CSV,A,3444.531,-13.0590,0.0508,0
CSV,A,3454.600,-13.1516,0.0508,0
CSV,A,3464.677,-12.9053,0.0508,0
CSV,A,3474.746,-12.9237,0.0508,0
CSV,A,3484.824,-13.2447,0.0508,0
CSV,A,3494.893,-13.2658,0.0508,0
CSV,A,3504.979,-12.8947,0.0508,0
CSV,A,3515.046,-13.1607,0.0508,0
CSV,A,3525.121,-13.2373,0.0508,0
CSV,A,3535.200,-12.9217,0.0508,0
CSV,A,3545.269,-12.9629,0.0508,0
CSV,A,3555.345,-13.0603,0.0508,0
CSV,A,3565.417,-13.1611,0.0508,0
CSV,A,3575.493,-12.9817,0.0508,0
CSV,A,3585.564,-13.1575,0.0508,0
CSV,A,3595.635,-13.1208,0.0508,0
CSV,A,3605.709,-13.0652,0.0508,0
CSV,A,3615.775,-13.0856,0.0508,0
CSV,A,3625.843,-13.0753,0.0508,0
CSV,A,3635.917,-13.0182,0.0508,0
CSV,A,3645.987,-13.1448,0.0508,0
CSV,A,3656.058,-13.0667,0.0508,0
CSV,A,3666.131,-13.0682,0.0508,0
CSV,A,3676.205,-13.2317,0.0508,0
CSV,A,3686.279,-13.1973,0.0508,0
CSV,A,3696.358,-12.9456,0.0508,0
CSV,A,3706.438,-12.8923,0.0508,0
CSV,A,3716.517,-13.1026,0.0508,0
CSV,A,3726.588,-13.0369,0.0508,0
CSV,A,3736.660,-13.0033,0.0508,0
CSV,A,3746.732,-13.0259,0.0508,0
CSV,A,3756.802,-12.9713,0.0508,0
CSV,A,3766.879,-13.2490,0.0508,0
CSV,A,3776.949,-13.0474,0.0508,0
CSV,A,3787.017,-13.0967,0.0508,0
CSV,A,3797.088,-13.0522,0.0508,0
CSV,A,3807.153,-13.0753,0.0508,0
CSV,A,3817.225,-13.2365,0.0508,0
CSV,A,3827.299,-13.0094,0.0508,0
CSV,A,3837.369,-13.0232,0.0508,0
CSV,A,3847.446,-13.2901,0.0508,0
CSV,A,3857.520,-13.0721,0.0508,0
CSV,A,3867.585,-13.0714,0.0508,0
CSV,A,3877.660,-13.0897,0.0508,0
CSV,A,3887.731,-12.9342,0.0508,0
CSV,A,3897.808,-12.8690,0.0508,0
CSV,A,3907.884,-13.1489,0.0508,0
CSV,A,3917.960,-13.0809,0.0508,0
CSV,A,3928.036,-13.0675,0.0508,0
CSV,A,3938.110,-13.1058,0.0508,0
CSV,A,3948.189,-12.8030,0.0508,0
CSV,A,3958.264,-13.1967,0.0508,0
CSV,A,3968.350,-12.9699,0.0508,0
CSV,A,3978.426,-13.0117,0.0508,0
CSV,A,3988.505,-13.0256,0.0508,0
CSV,A,3998.581,-13.2282,0.0508,0
CSV,A,4008.658,-13.0656,0.0508,0
CSV,A,4018.727,-12.9514,0.0508,0
CSV,A,4028.802,-13.2209,0.0508,0
CSV,A,4038.873,-13.1130,0.0508,0
CSV,A,4048.949,-13.1470,0.0508,0
CSV,A,4059.012,-13.1230,0.0508,0
CSV,A,4069.083,-13.0885,0.0508,0
CSV,A,4079.157,-12.9828,0.0508,0
CSV,A,4089.234,-13.1618,0.0508,0
CSV,A,4099.301,-13.2446,0.0508,0
CSV,A,4109.372,-13.2012,0.0508,0
CSV,A,4119.445,-13.0496,0.0508,0
CSV,A,4129.505,-13.0896,0.0508,0
CSV,A,4139.580,-12.9203,0.0508,0
CSV,A,4149.658,-12.8463,0.0508,0
CSV,A,4159.736,-13.0018,0.0508,0
CSV,A,4169.814,-13.3138,0.0508,0
CSV,A,4179.888,-12.9531,0.0508,0
CSV,A,4189.967,-13.0963,0.0508,0
CSV,A,4200.040,-12.9290,0.0508,0
CSV,A,4210.111,-12.9860,0.0508,0
CSV,A,4220.184,-12.9912,0.0508,0
CSV,A,4230.260,-13.0456,0.0508,0
CSV,A,4240.331,-13.2375,0.0508,0
CSV,A,4250.400,-13.1794,0.0508,0
CSV,A,4260.469,-13.0703,0.0508,0
CSV,A,4270.545,-12.9761,0.0508,0
CSV,A,4280.626,-13.1540,0.0508,0
CSV,A,4290.709,-13.0183,0.0508,0
CSV,A,4300.785,-13.1625,0.0508,0
CSV,A,4310.859,-13.1731,0.0508,0
CSV,A,4320.940,-12.9167,0.0508,0
CSV,A,4331.016,-13.1071,0.0508,0
CSV,A,4341.086,-13.2393,0.0508,0
CSV,A,4351.158,-12.9698,0.0508,0
CSV,A,4361.230,-12.9892,0.0508,0
CSV,A,4371.306,-13.3047,0.0508,0
CSV,A,4381.379,-12.9951,0.0508,0
CSV,A,4391.456,-13.1191,0.0508,0
CSV,A,4401.526,-13.1144,0.0508,0
CSV,A,4411.597,-13.1057,0.0508,0
CSV,A,4421.670,-13.2416,0.0508,0
CSV,A,4431.738,-13.0780,0.0508,0
CSV,A,4441.818,-13.1043,0.0508,0
CSV,A,4451.877,-13.0594,0.0508,0
CSV,A,4461.959,-12.8792,0.0508,0
CSV,A,4472.036,-13.1517,0.0508,0
CSV,A,4482.107,-13.0843,0.0508,0
CSV,A,4492.174,-13.1106,0.0508,0
CSV,A,4502.250,-13.1003,0.0508,0
CSV,A,4512.308,-13.0907,0.0508,0
CSV,A,4522.380,-13.0504,0.0508,0
CSV,A,4532.452,-13.1879,0.0508,0
CSV,A,4542.529,-13.1300,0.0508,0
CSV,A,4552.612,-13.1074,0.0508,0
CSV,A,4562.691,-12.9759,0.0508,0
CSV,A,4572.762,-13.1424,0.0508,0
CSV,A,4582.828,-12.9749,0.0508,0
CSV,A,4592.902,-13.0192,0.0508,0
CSV,A,4602.979,-12.9722,0.0508,0
CSV,A,4613.055,-13.2235,0.0508,0
CSV,A,4623.130,-13.0275,0.0508,0
CSV,A,4633.209,-12.9238,0.0508,0
CSV,A,4643.279,-12.8301,0.0508,0
CSV,A,4653.354,-13.1630,0.0508,0
CSV,A,4663.418,-13.1555,0.0508,0
CSV,A,4673.495,-13.0566,0.0508,0
CSV,A,4683.561,-13.1234,0.0508,0
CSV,A,4693.631,-13.1638,0.0508,0
CSV,A,4703.698,-12.9931,0.0508,0
CSV,A,4713.760,-13.1044,0.0508,0
CSV,A,4723.831,-13.1379,0.0508,0
CSV,A,4733.894,-13.0609,0.0508,0
CSV,A,4743.973,-13.2660,0.0508,0
CSV,A,4754.047,-13.1706,0.0508,0
CSV,A,4764.125,-13.2229,0.0508,0
CSV,A,4774.192,-13.1359,0.0508,0
CSV,A,4784.267,-12.8355,0.0508,0
CSV,A,4794.347,-13.0108,0.0508,0
CSV,A,4804.409,-13.0177,0.0508,0
CSV,A,4814.476,-12.9814,0.0508,0
CSV,A,4824.554,-13.3353,0.0508,0
CSV,A,4834.629,-12.9913,0.0508,0
CSV,A,4844.707,-12.9126,0.0508,0
CSV,A,4854.775,-13.1672,0.0508,0
CSV,A,4864.854,-13.3712,0.0508,0
CSV,A,4874.940,-12.9861,0.0508,0
CSV,A,4885.011,-13.0366,0.0508,0
CSV,A,4895.072,-13.0392,0.0508,0
CSV,A,4905.151,-12.8743,0.0508,0
CSV,A,4
CSV,A,4925.301,-12.9022,0.0508,0
CSV,A,4935.377,-13.0142,0.0508,0
CSV,A,4945.446,-13.0969,0.0508,0
CSV,A,4955.518,-13.0706,0.0508,0
CSV,A,4965.592,-13.0420,0.0508,0
CSV,A,4975.665,-13.0493,0.0508,0
CSV,A,4985.734,-13.2274,0.0508,0
CSV,A,4995.817,-13.0559,0.0508,0
CSV,A,5005.888,-13.0404,0.0508,0
CSV,A,5015.957,-13.0239,0.0508,0
CSV,A,5026.025,-13.0814,0.0508,0
CSV,A,5036.101,-13.1344,0.0508,0
CSV,A,5046.175,-13.3518,0.0508,0
CSV,A,5056.246,-13.2456,0.0508,0
CSV,A,5066.309,-13.1353,0.0508,0
CSV,A,5076.378,-12.9920,0.0508,0
CSV,A,5086.441,-13.0671,0.0508,0
CSV,A,5096.516,-13.3200,0.0508,0
CSV,A,5106.588,-13.1805,0.0508,0
CSV,A,5116.665,-13.1864,0.0508,0
CSV,A,5126.737,-13.0321,0.0508,0
CSV,A,5136.803,-13.1779,0.0508,0
CSV,A,5146.874,-13.1670,0.0508,0
CSV,A,5156.959,-13.0626,0.0508,0
CSV,A,5167.027,-13.1173,0.0508,0
CSV,A,5177.090,-13.0842,0.0508,0
CSV,A,5187.151,-13.1201,0.0508,0
CSV,A,5197.220,-12.9952,0.0508,0
CSV,A,5207.282,-12.9788,0.0508,0
CSV,A,5217.357,-13.0762,0.0508,0
CSV,A,5227.435,-13.3119,0.0508,0
CSV,A,5237.509,-13.1605,0.0508,0
CSV,A,5247.587,-12.8435,0.0508,0
CSV,A,5257.668,-12.9917,0.0508,0
CSV,A,5267.728,-13.0263,0.0508,0
CSV,A,5277.797,-12.9852,0.0508,0
CSV,A,5287.863,-12.9969,0.0508,0
CSV,A,5297.936,-12.9467,0.0508,0
CSV,A,5308.011,-13.2174,0.0508,0
CSV,A,5318.087,-13.0988,0.0508,0
CSV,A,5328.159,-12.8879,0.0508,0
CSV,A,5338.236,-13.0962,0.0508,0
CSV,A,5348.304,-13.2176,0.0508,0
CSV,A,5358.370,-13.0531,0.0508,0
CSV,A,5368.445,-13.0552,0.0508,0
CSV,A,5378.523,-13.2070,0.0508,0
CSV,A,5388.599,-13.1679,0.0508,0
CSV,A,5398.674,-13.1845,0.0508,0
CSV,A,5408.752,-12.9441,0.0508,0
CSV,A,5418.825,-13.1926,0.0508,0
CSV,A,5428.899,-13.0622,0.0508,0
CSV,A,5438.966,-13.1369,0.0508,0
CSV,A,5449.040,-13.2520,0.0508,0
CSV,A,5459.110,-13.0986,0.0508,0
CSV,A,5469.180,-13.0238,0.0508,0
CSV,A,5479.253,-12.9875,0.0508,0
CSV,A,5489.324,-13.1050,0.0508,0
CSV,A,5499.396,-13.1891,0.0508,0
CSV,A,5509.469,-12.9829,0.0508,0
CSV,A,5519.545,-13.2507,0.0508,0
CSV,A,5529.617,-13.1727,0.0508,0
CSV,A,5539.689,-13.0325,0.0508,0
CSV,A,5549.764,-13.2280,0.0508,0
CSV,A,5559.840,-13.3038,0.0508,0
CSV,A,5569.921,-12.9844,0.0508,0
CSV,A,5579.995,-12.9750,0.0508,0
CSV,A,5590.071,-13.2119,0.0508,0
CSV,A,5600.139,-13.0244,0.0508,0
CSV,A,5610.208,-12.9356,0.0508,0
CSV,A,5620.281,-13.0618,0.0508,0
CSV,A,5630.349,-12.9269,0.0508,0
CSV,A,5640.414,-13.0972,0.0508,0
CSV,A,5650.494,-13.2391,0.0508,0
CSV,A,5660.559,-13.0843,0.0508,0
CSV,A,5670.618,-13.1215,0.0508,0
CSV,A,5680.690,-13.1589,0.0508,0
CSV,A,5690.750,-13.0656,0.0508,0
CSV,A,5700.822,-13.1249,0.0508,0
CSV,A,5710.887,-12.9865,0.0508,0
CSV,A,5720.962,-13.2180,0.0508,0
CSV,A,5731.029,-12.9718,0.0508,0
CSV,A,5741.105,-13.0296,0.0508,0
CSV,A,5751.175,-13.1539,0.0508,0
CSV,A,5761.242,-13.2340,0.0508,0
CSV,A,5771.319,-12.8683,0.0508,0
CSV,A,5781.388,-12.8903,0.0508,0
CSV,A,5791.465,-13.0104,0.0508,0
CSV,A,5801.525,-13.0442,0.0508,0
CSV,A,5811.597,-13.2073,0.0508,0
CSV,A,5821.658,-13.1672,0.0508,0
CSV,A,5831.729,-13.1754,0.0508,0
CSV,A,5841.793,-13.1594,0.0508,0
CSV,A,5851.864,-13.0069,0.0508,0
CSV,A,5861.947,-13.2460,0.0508,0
CSV,A,5872.026,-13.1354,0.0508,0
CSV,A,5882.106,-13.2929,0.0508,0
CSV,A,5892.180,-13.0829,0.0508,0
CSV,A,5902.244,-13.0421,0.0508,0
CSV,A,5912.308,-12.9404,0.0508,0
CSV,A,5922.379,-13.0860,0.0508,0
CSV,A,5932.442,-13.1302,0.0508,0
CSV,A,5942.508,-13.0530,0.0508,0
CSV,A,5952.577,-12.9811,0.0508,0
CSV,A,5962.644,-12.9989,0.0508,0
CSV,A,5972.717,-13.0994,0.0508,0
CSV,A,5982.783,-13.0744,0.0508,0
CSV,A,5992.844,-13.1025,0.0508,0
CSV,ADONE
